--------- beginning of main
11-12 12:22:12.328   452   452 W linker  : Warning: failed to find generated linker configuration from "/linkerconfig/ld.config.txt"
11-12 12:22:12.332   453   453 W linker  : Warning: failed to find generated linker configuration from "/linkerconfig/ld.config.txt"
11-12 12:22:12.333   451   451 I lowmemorykiller: Using psi monitors for memory pressure detection
11-12 12:22:12.335   451   451 I lowmemorykiller: Process polling is supported
11-12 12:22:12.336   451   451 I lowmemorykiller: Process reaping is not supported
--------- beginning of events
11-12 12:22:12.342   452   452 I snet_event_log: [121035042,-1,]
11-12 12:22:12.346   452   452 I auditd  : SELinux: Loaded service context from:
11-12 12:22:12.346   452   452 I auditd  : 		/system/etc/selinux/plat_service_contexts
11-12 12:22:12.346   452   452 I auditd  : 		/system_ext/etc/selinux/system_ext_service_contexts
11-12 12:22:12.346   452   452 I auditd  : 		/vendor/etc/selinux/vendor_service_contexts
11-12 12:22:07.328   450   450 I auditd  : type=1403 audit(0.0:2): policy loaded auid=4294967295 ses=4294967295
--------- switch to main
11-12 12:22:07.328   450   450 I auditd  : type=1403 audit(0.0:2): policy loaded auid=4294967295 ses=4294967295
--------- switch to events
11-12 12:22:07.512     1     1 I auditd  : type=1107 audit(0.0:3): uid=0 auid=4294967295 ses=4294967295 subj=u:r:init:s0 msg='avc:  denied  { set } for property=audio.adm.buffering.ms pid=1 uid=0 gid=0 scontext=u:r:vendor_init:s0 tcontext=u:object_r:default_prop:s0 tclass=property_service permissive=1'
--------- switch to main
11-12 12:22:07.512     1     1 I /system/bin/init: type=1107 audit(0.0:3): uid=0 auid=4294967295 ses=4294967295 subj=u:r:init:s0 msg='avc:  denied  { set } for property=audio.adm.buffering.ms pid=1 uid=0 gid=0 scontext=u:r:vendor_init:s0 tcontext=u:object_r:default_prop:s0 tclass=property_service permissive=1'
--------- switch to events
11-12 12:22:07.512     1     1 I auditd  : type=1107 audit(0.0:4): uid=0 auid=4294967295 ses=4294967295 subj=u:r:init:s0 msg='avc:  denied  { set } for property=persist.audio.button_jack.profile pid=1 uid=0 gid=0 scontext=u:r:vendor_init:s0 tcontext=u:object_r:audio_prop:s0 tclass=property_service permissive=1'
--------- switch to main
11-12 12:22:07.512     1     1 I /system/bin/init: type=1107 audit(0.0:4): uid=0 auid=4294967295 ses=4294967295 subj=u:r:init:s0 msg='avc:  denied  { set } for property=persist.audio.button_jack.profile pid=1 uid=0 gid=0 scontext=u:r:vendor_init:s0 tcontext=u:object_r:audio_prop:s0 tclass=property_service permissive=1'
--------- switch to events
11-12 12:22:07.512     1     1 I auditd  : type=1107 audit(0.0:5): uid=0 auid=4294967295 ses=4294967295 subj=u:r:init:s0 msg='avc:  denied  { set } for property=bluetooth.hci.erroneous_data_reporting.enabled pid=1 uid=0 gid=0 scontext=u:r:vendor_init:s0 tcontext=u:object_r:bluetooth_prop:s0 tclass=property_service permissive=1'
--------- switch to main
11-12 12:22:07.512     1     1 I /system/bin/init: type=1107 audit(0.0:5): uid=0 auid=4294967295 ses=4294967295 subj=u:r:init:s0 msg='avc:  denied  { set } for property=bluetooth.hci.erroneous_data_reporting.enabled pid=1 uid=0 gid=0 scontext=u:r:vendor_init:s0 tcontext=u:object_r:bluetooth_prop:s0 tclass=property_service permissive=1'
--------- switch to events
11-12 12:22:07.512     1     1 I auditd  : type=1107 audit(0.0:6): uid=0 auid=4294967295 ses=4294967295 subj=u:r:init:s0 msg='avc:  denied  { set } for property=vendor.bluetooth.ldac.abr pid=1 uid=0 gid=0 scontext=u:r:vendor_init:s0 tcontext=u:object_r:mtk_bluetooth_prop:s0 tclass=property_service permissive=1'
--------- switch to main
11-12 12:22:07.512     1     1 I /system/bin/init: type=1107 audit(0.0:6): uid=0 auid=4294967295 ses=4294967295 subj=u:r:init:s0 msg='avc:  denied  { set } for property=vendor.bluetooth.ldac.abr pid=1 uid=0 gid=0 scontext=u:r:vendor_init:s0 tcontext=u:object_r:mtk_bluetooth_prop:s0 tclass=property_service permissive=1'
--------- switch to events
11-12 12:22:07.512     1     1 I auditd  : type=1107 audit(0.0:7): uid=0 auid=4294967295 ses=4294967295 subj=u:r:init:s0 msg='avc:  denied  { set } for property=pm.dexopt.boot pid=1 uid=0 gid=0 scontext=u:r:vendor_init:s0 tcontext=u:object_r:future_pm_prop:s0 tclass=property_service permissive=1'
--------- switch to main
11-12 12:22:07.512     1     1 I /system/bin/init: type=1107 audit(0.0:7): uid=0 auid=4294967295 ses=4294967295 subj=u:r:init:s0 msg='avc:  denied  { set } for property=pm.dexopt.boot pid=1 uid=0 gid=0 scontext=u:r:vendor_init:s0 tcontext=u:object_r:future_pm_prop:s0 tclass=property_service permissive=1'
--------- switch to events
11-12 12:22:07.512     1     1 I auditd  : type=1107 audit(0.0:8): uid=0 auid=4294967295 ses=4294967295 subj=u:r:init:s0 msg='avc:  denied  { set } for property=ro.vendor.histogram.enable pid=1 uid=0 gid=0 scontext=u:r:vendor_init:s0 tcontext=u:object_r:vendor_displayfeature_prop:s0 tclass=property_service permissive=1'
--------- switch to main
11-12 12:22:07.512     1     1 I /system/bin/init: type=1107 audit(0.0:8): uid=0 auid=4294967295 ses=4294967295 subj=u:r:init:s0 msg='avc:  denied  { set } for property=ro.vendor.histogram.enable pid=1 uid=0 gid=0 scontext=u:r:vendor_init:s0 tcontext=u:object_r:vendor_displayfeature_prop:s0 tclass=property_service permissive=1'
--------- switch to events
11-12 12:22:07.516     1     1 I auditd  : type=1107 audit(0.0:9): uid=0 auid=4294967295 ses=4294967295 subj=u:r:init:s0 msg='avc:  denied  { set } for property=persist.vendor.sys.pq.adl.idx pid=1 uid=0 gid=0 scontext=u:r:vendor_init:s0 tcontext=u:object_r:mtk_pq_prop:s0 tclass=property_service permissive=1'
--------- switch to main
11-12 12:22:07.516     1     1 I /system/bin/init: type=1107 audit(0.0:9): uid=0 auid=4294967295 ses=4294967295 subj=u:r:init:s0 msg='avc:  denied  { set } for property=persist.vendor.sys.pq.adl.idx pid=1 uid=0 gid=0 scontext=u:r:vendor_init:s0 tcontext=u:object_r:mtk_pq_prop:s0 tclass=property_service permissive=1'
--------- switch to events
11-12 12:22:07.516     1     1 I auditd  : type=1107 audit(0.0:10): uid=0 auid=4294967295 ses=4294967295 subj=u:r:init:s0 msg='avc:  denied  { set } for property=ro.telephony.sim.count pid=1 uid=0 gid=0 scontext=u:r:vendor_init:s0 tcontext=u:object_r:telephony_prop:s0 tclass=property_service permissive=1'
--------- switch to main
11-12 12:22:07.516     1     1 I /system/bin/init: type=1107 audit(0.0:10): uid=0 auid=4294967295 ses=4294967295 subj=u:r:init:s0 msg='avc:  denied  { set } for property=ro.telephony.sim.count pid=1 uid=0 gid=0 scontext=u:r:vendor_init:s0 tcontext=u:object_r:telephony_prop:s0 tclass=property_service permissive=1'
11-12 12:22:12.350   453   453 I hwservicemanager: getFrameworkHalManifest: Reading VINTF information.
--------- switch to events
11-12 12:22:12.355   454   454 I snet_event_log: [121035042,-1,]
--------- switch to main
11-12 12:22:12.356   453   453 I hwservicemanager: getDeviceHalManifest: Reading VINTF information.
11-12 12:22:12.371   453   453 I hwservicemanager: getDeviceHalManifest: Successfully processed VINTF information
11-12 12:22:12.371   453   453 I hwservicemanager: getFrameworkHalManifest: Successfully processed VINTF information
11-12 12:22:12.372   453   453 I hwservicemanager: hwservicemanager is ready now.
--------- beginning of system
11-12 12:22:12.492   464   464 I vold    : Vold 3.0 (the awakening) firing up
11-12 12:22:12.492   464   464 D vold    : Detected support for: ext4 f2fs vfat
11-12 12:22:12.496   464   464 W vold    : [libfs_mgr] Warning: unknown flag: resize
11-12 12:22:12.496   464   464 W vold    : [libfs_mgr] Warning: unknown flag: =aes-256-xts:aes-256-cts:v1
11-12 12:22:12.496   464   464 W vold    : [libfs_mgr] Warning: unknown flag: =aes-256-xts:aes-256-cts:v1
11-12 12:22:12.497   464   464 D vold    : VoldNativeService::start() completed OK
11-12 12:22:12.511   464   472 I vold    : Found disk at /devices/platform/externdevice/mmc_host/mmc0/mmc0:aaaa/block/mmcblk0 but delaying scan due to secure keyguard
--------- switch to main
11-12 12:22:12.764   502   502 I [mTEE]  : daemon version [tag.base.dbg.3.5.0]
11-12 12:22:12.764   502   502 I [mTEE]  : [main][1060]TA UUID[08030000000000000000000000000000]
11-12 12:22:12.764   502   502 I [mTEE]  : [main][1060]TA UUID[85f630e0f0964c5fa2cc268ce04e3da3]
11-12 12:22:12.765   502   502 I [mTEE]  : [main][1060]TA UUID[98fb95bcb4bf42d26473eae48690d7ea]
11-12 12:22:12.765   502   502 I [mTEE]  : [main][1060]TA UUID[7b66512021214487ba710a51d7ea78fe]
11-12 12:22:12.765   502   502 I [mTEE]  : [main][1060]TA UUID[09010000000000000000000000000000]
11-12 12:22:12.765   502   504 I [mTEE]  : come in init soter thread
11-12 12:22:12.765   502   504 D [mTEE]  : driver to be loaded:
11-12 12:22:12.765   502   505 I [mTEE]  : come in load tee thread
11-12 12:22:12.765   502   504 D [mTEE]  : UUID=020b0000000000000000000000000000
11-12 12:22:12.765   502   504 D [mTEE]  : UUID=020f0000000000000000000000000000
11-12 12:22:12.765   502   504 D [mTEE]  : UUID=06090000000000000000000000000000
11-12 12:22:12.765   502   504 D [mTEE]  : UUID=05120000000000000000000000000000
11-12 12:22:12.765   502   504 D [mTEE]  : UUID=40188311faf343488db888ad39496f9a
11-12 12:22:12.765   502   504 D [mTEE]  : UUID=07060000000000000000000000007169
11-12 12:22:12.765   502   504 D [mTEE]  : UUID=4be4f7dc1f2c11e5b5f7727283247c7f
11-12 12:22:12.765   502   504 D [mTEE]  : UUID=9073f03a9618383bb1856eb3f990babd
11-12 12:22:12.765   502   504 D [mTEE]  : UUID=08050000000000000000000000003419
11-12 12:22:12.765   502   504 D [mTEE]  : UUID=5020170115e016302017012521300000
11-12 12:22:12.765   502   504 D [mTEE]  : UUID=0f5eed3c3b5a47afacca69a84bf0efad
11-12 12:22:12.765   502   504 D [mTEE]  : UUID=07407000000000000000000000000000
11-12 12:22:12.765   502   504 D [mTEE]  : UUID=05160000000000000000000000000000
11-12 12:22:12.765   502   504 D [mTEE]  : UUID=91dba524a6e24909acc48abd7163121a
11-12 12:22:12.765   502   504 D [mTEE]  : UUID=57f02fe81d5a11ea8d23d7abe98b8462
11-12 12:22:12.765   502   504 D [mTEE]  : UUID=08070000000000000000000000008270
11-12 12:22:12.765   502   504 D [mTEE]  : UUID=09080000000000000000000000009381
11-12 12:22:12.765   502   504 D [mTEE]  : UUID=08030000000000000000000000000000
11-12 12:22:12.765   502   504 D [mTEE]  : UUID=85f630e0f0964c5fa2cc268ce04e3da3
11-12 12:22:12.765   502   504 D [mTEE]  : UUID=98fb95bcb4bf42d26473eae48690d7ea
11-12 12:22:12.765   502   504 D [mTEE]  : UUID=7b66512021214487ba710a51d7ea78fe
11-12 12:22:12.765   502   504 D [mTEE]  : UUID=09010000000000000000000000000000
11-12 12:22:12.765   502   504 D [mTEE]  : UUID=93feffccd8ca11e796c7c7a21acb4932
11-12 12:22:12.848   513   513 I wmt_loader: chip id from property:-1
11-12 12:22:12.848   513   513 I wmt_loader: SOC chip no need do combo chip power on.
11-12 12:22:12.848   513   513 I wmt_loader: chipid (0x6785) detected
11-12 12:22:12.849   513   513 I wmt_loader: set property(persist.vendor.connsys.chipid) to 0x6785 succeed.
11-12 12:22:12.854   514   514 I wmt_launcher: get property(vendor.connsys.driver.ready) is no
11-12 12:22:12.856   515   515 I fsverity_init: LoadKeyFromFile path=/system/etc/security/fsverity/fsverity-release.x509.der keyname=fsv_system_0
11-12 12:22:12.871   513   513 E wmt_loader: do kernel module init failed: -1
11-12 12:22:12.871   513   513 I wmt_loader: adie chip id = 0x0
11-12 12:22:12.872   513   513 I wmt_loader: set property(vendor.connsys.adie.chipid) to 0x0000 succeed.
11-12 12:22:12.872   513   513 E wmt_loader: chown wmt_dbg or wmt_aee fail:No such file or directory
11-12 12:22:12.872   513   513 I wmt_loader: set property(vendor.connsys.driver.ready) to yes succeed
11-12 12:22:12.904   510   510 I HidlServiceManagement: Registered android.system.suspend@1.0::ISystemSuspend/default
11-12 12:22:12.904   510   510 I HidlServiceManagement: Removing namespace from process name android.system.suspend-service to suspend-service.
11-12 12:22:12.943   502   502 I [mTEE]  :  come into the TZ_VFS_OPEN function
11-12 12:22:12.943   502   502 D [mTEE]  :  pathname = /mnt/vendor/persist/LOG.ini
11-12 12:22:12.943   502   502 D [mTEE]  :  flags = 66 mode = 432 retval = 7
11-12 12:22:12.944   502   502 D [mTEE]  :  come into the TZ_VFS_WRITE function
11-12 12:22:12.944   502   502 D [mTEE]  : fd = 7
11-12 12:22:12.944   502   502 D [mTEE]  : count = 256
11-12 12:22:12.944   502   502 I [mTEE]  : logini len =256
11-12 12:22:12.944   502   502 D [mTEE]  :  come into the TZ_VFS_WRITE function retVal = 256
11-12 12:22:12.945   502   502 D [mTEE]  :  come into the TZ_VFS_CLOSE function
11-12 12:22:12.945   502   502 D [mTEE]  :  fd = 7
11-12 12:22:12.945   502   502 D [mTEE]  :  retVal = 0
11-12 12:22:12.963   512   512 I HidlServiceManagement: Registered android.hardware.keymaster@4.0::IKeymasterDevice/default
11-12 12:22:12.963   512   512 I HidlServiceManagement: Removing namespace from process name android.hardware.keymaster@4.0-service to keymaster@4.0-service.
--------- switch to system
11-12 12:22:13.001   511   511 I keystore2: system/security/keystore2/src/keystore2_main.rs:61 - Keystore2 is starting.
11-12 12:22:13.001   511   511 I keystore2: system/security/keystore2/src/keystore2_main.rs:67 - Setting up sqlite logging for keystore2
11-12 12:22:13.003   511   511 W keystore2: system/security/keystore2/src/metrics_store.rs:577 - In update_keystore_crash_sysprop: Failed to read the existing system property due to: system/security/keystore2/src/metrics_store.rs:608: Property not set..Therefore, keystore crashes will not be logged.
11-12 12:22:13.004   511   511 I keystore2: system/security/keystore2/src/keystore2_main.rs:97 - Starting thread pool now.
--------- switch to main
11-12 12:22:13.005   511   527 I keystore2: getDeviceHalManifest: Reading VINTF information.
11-12 12:22:13.007   511   511 I keystore2: found android.hardware.keymaster@4.0::IKeymasterDevice with interface name default and seclevel SOFTWARE
11-12 12:22:13.007   453   453 I hwservicemanager: getTransport: Cannot find entry android.hardware.keymaster@3.0::IKeymasterDevice/default in either framework or device VINTF manifest.
11-12 12:22:13.007   511   511 W keystore2: No secure Keymaster implementation found, but device offers insecure Keymaster HAL. Using as default.
--------- switch to system
11-12 12:22:13.008   511   511 I keystore2: system/security/keystore2/src/globals.rs:286 - Add emulation wrapper around Keymaster device for security level: r#TRUSTED_ENVIRONMENT
11-12 12:22:13.011   511   511 I keystore2: system/security/keystore2/src/keystore2_main.rs:152 - Successfully registered Keystore 2.0 service.
11-12 12:22:13.011   511   511 I keystore2: system/security/keystore2/src/keystore2_main.rs:154 - Joining thread pool now.
--------- switch to main
11-12 12:22:13.017   511   527 I keystore2: getDeviceHalManifest: Successfully processed VINTF information
--------- switch to system
11-12 12:22:13.018   511   527 I keystore2: system/security/keystore2/src/shared_secret_negotiation.rs:47 - Shared secret negotiation concluded successfully.
11-12 12:22:13.019   511   527 I keystore2: system/security/keystore2/src/shared_secret_negotiation.rs:294 - No StrongBox Keymint available, so no RoT transfer
--------- switch to main
11-12 12:22:13.154   514   514 I wmt_launcher: get property(vendor.connsys.driver.ready) is yes
11-12 12:22:13.154   514   514 I wmt_launcher: open device node succeed.(Node:/dev/stpwmt, fd:5) 
11-12 12:22:13.154   514   514 I wmt_launcher: key:(persist.vendor.connsys.chipid)-value:(0x6785),chip_id:0x6785
11-12 12:22:13.154   514   514 I wmt_launcher: chip_id:0x6785
11-12 12:22:13.154   514   514 I wmt_launcher: patch path:/vendor/firmware/
11-12 12:22:13.154   514   514 I wmt_launcher: (persist.vendor.connsys.fwlog.status) is not supported
11-12 12:22:13.154   514   514 I wmt_launcher: get property (persist.vendor.connsys.dynamic.dump) is 0
11-12 12:22:13.154   514   514 I wmt_launcher: get property(vendor.connsys.formeta.ready) failed iRet:0 or property is 
11-12 12:22:13.154   514   514 I wmt_launcher: create pwr on thread ok
11-12 12:22:13.155   514   533 I wmt_launcher: enter power on connsys flow
11-12 12:22:13.155   514   514 I wmt_launcher: (persist.vendor.connsys.fwlog.status) is not supported
11-12 12:22:13.155   514   532 I wmt_launcher: set vendor.connsys.formeta.ready to yes [done]
11-12 12:22:13.184   514   514 I wmt_launcher: patch name pre-fix:soc1_0_ram
11-12 12:22:13.184   514   514 I wmt_launcher: fw_version:0x8a00
11-12 12:22:13.184   514   514 I wmt_launcher: /vendor/firmware//soc1_0_ram_bt_1a_1_hdr.bin
11-12 12:22:13.184   514   514 I wmt_launcher: open /vendor/firmware//soc1_0_ram_bt_1a_1_hdr.bin success, fp:0xb40000774044e0e8, flen is 570925
11-12 12:22:13.189   514   514 I wmt_launcher: spos:559363, epos:559440
11-12 12:22:13.189   514   514 E wmt_launcher: version info(t-neptune-mp-soc1_0e1-1950-tc10sp-TALBOT_SOC1_0_E1_ASIC-20230101214101) found
11-12 12:22:13.189   514   514 I wmt_launcher: property(persist.vendor.connsys.bt_fw_ver), value(-1)
11-12 12:22:13.189   514   514 I wmt_launcher: fw Ver in patch: 0x8a00
11-12 12:22:13.189   514   514 I wmt_launcher: patch info:0x11,0x00,0x08,0xf0,0x00,0x00,0x00,0x00
11-12 12:22:13.189   514   514 I wmt_launcher: rom patch type = [0]
11-12 12:22:13.189   514   514 I wmt_launcher: /vendor/firmware//soc1_0_ram_bt_2a_1_hdr.bin
11-12 12:22:13.189   514   514 I wmt_launcher: open /vendor/firmware//soc1_0_ram_bt_2a_1_hdr.bin success, fp:0xb40000774044e0e8, flen is 571025
11-12 12:22:13.189   514   534 I wmt_launcher: set persist.vendor.connsys.bt_fw_ver to t-neptune-mp-soc1_0e1-1950-tc10sp-TALBOT_SOC1_0_E1_ASIC-20230101214101 [done]
11-12 12:22:13.194   514   514 I wmt_launcher: spos:559331, epos:559408
11-12 12:22:13.194   514   514 E wmt_launcher: version info(t-neptune-mp-soc1_0e1-2015-KRUG_SOC1_0_E1_ASIC-20211019140501) found
11-12 12:22:13.194   514   514 I wmt_launcher: property(persist.vendor.connsys.bt_fw_ver), value(t-neptune-mp-soc1_0e1-1950-tc10sp-TALBOT_SOC1_0_E1_ASIC-20230101214101)
11-12 12:22:13.194   514   514 I wmt_launcher: fw Ver in patch: 0x8a00
11-12 12:22:13.194   514   514 I wmt_launcher: patch info:0x11,0x00,0x08,0xf0,0x00,0x00,0x00,0x00
11-12 12:22:13.194   514   514 I wmt_launcher: rom patch type = [0]
11-12 12:22:13.194   514   514 I wmt_launcher: /vendor/firmware//soc1_0_ram_mcu_2a_1_hdr.bin
11-12 12:22:13.194   514   535 I wmt_launcher: set persist.vendor.connsys.bt_fw_ver to t-neptune-mp-soc1_0e1-2015-KRUG_SOC1_0_E1_ASIC-20211019140501 [done]
11-12 12:22:13.195   514   514 I wmt_launcher: fw Ver in patch: 0x8a00
11-12 12:22:13.195   514   514 I wmt_launcher: patch info:0x11,0x00,0x00,0xf0,0x00,0x00,0x00,0x04
11-12 12:22:13.195   514   514 I wmt_launcher: rom patch type = [4]
11-12 12:22:13.196   514   514 I wmt_launcher: /vendor/firmware//soc1_0_ram_wifi_2a_1_hdr.bin
11-12 12:22:13.196   514   514 I wmt_launcher: fw Ver in patch: 0x8a00
11-12 12:22:13.196   514   514 I wmt_launcher: patch info:0x11,0x00,0x14,0xf0,0x00,0x00,0x00,0x03
11-12 12:22:13.196   514   514 I wmt_launcher: rom patch type = [3]
11-12 12:22:13.196   514   514 I wmt_launcher: cmd(srh_rom_patch) resp(ok)
11-12 12:22:13.196   514   514 I wmt_launcher: (persist.vendor.connsys.fwlog.status) is not supported
11-12 12:22:13.197   514   536 I wmt_launcher: set persist.vendor.connsys.wifi_fw_ver to 211019140501000 [done]
11-12 12:22:13.291   514   514 I wmt_launcher: patch name pre-fix:soc1_0_patch
11-12 12:22:13.291   514   514 I wmt_launcher: fw_version:0x8a00
11-12 12:22:13.291   514   514 I wmt_launcher: /vendor/firmware//soc1_0_patch_mcu_2a_1_hdr.bin
11-12 12:22:13.291   514   514 I wmt_launcher: fw Ver in patch: 0x00008a00
11-12 12:22:13.291   514   514 I wmt_launcher: read patch info:0x11,0xc0,0x01,0x00
11-12 12:22:13.291   514   514 I wmt_launcher: patch num = [1]
11-12 12:22:13.291   514   514 I wmt_launcher: patch seq = [1]
11-12 12:22:13.291   514   514 I wmt_launcher: cmd(srh_patch) resp(ok)
11-12 12:22:13.292   514   514 I wmt_launcher: (persist.vendor.connsys.fwlog.status) is not supported
11-12 12:22:13.292   514   537 I wmt_launcher: set persist.vendor.connsys.patch.version to 211019140501000 [done]
11-12 12:22:14.270   502   505 I [mTEE]  : unencrypted late
11-12 12:22:14.270   502   505 I [mTEE]  : daemon unlock keymaster signal to tz-driver
11-12 12:22:14.270   502   505 I [mTEE]  : keymaster unlock boot_decrypt_lock success
11-12 12:22:14.272   502   502 I [mTEE]  :  come into the TZ_VFS_OPEN function
11-12 12:22:14.272   502   502 D [mTEE]  :  pathname = /vendor/thh/ta/020b0000000000000000000000000000.ta
11-12 12:22:14.272   502   502 D [mTEE]  :  flags = 0 mode = 0 retval = 7
11-12 12:22:14.273   502   502 D [mTEE]  :  come into the TZ_VFS_CLOSE function
11-12 12:22:14.273   502   502 D [mTEE]  :  fd = 7
11-12 12:22:14.273   502   502 D [mTEE]  :  retVal = 0
11-12 12:22:14.273   502   502 I [mTEE]  :  come into the TZ_VFS_OPEN function
11-12 12:22:14.273   502   502 D [mTEE]  :  pathname = /vendor/thh/ta/020b0000000000000000000000000000.ta
11-12 12:22:14.273   502   502 D [mTEE]  :  flags = 0 mode = 0 retval = 7
11-12 12:22:14.273   502   502 D [mTEE]  :  come into the TZ_VFS_LSEEK function
11-12 12:22:14.273   502   502 D [mTEE]  :  come into the TZ_VFS_LSEEK function
11-12 12:22:14.273   502   502 D [mTEE]  :  come into the TZ_VFS_LSEEK function
11-12 12:22:14.274   502   502 D [mTEE]  :  come into the TZ_VFS_READ function
11-12 12:22:14.276   502   502 D [mTEE]  :  come into the TZ_VFS_CLOSE function
11-12 12:22:14.276   502   502 D [mTEE]  :  fd = 7
11-12 12:22:14.276   502   502 D [mTEE]  :  retVal = 0
11-12 12:22:14.277   502   502 I [mTEE]  :  come into the TZ_VFS_OPEN function
11-12 12:22:14.277   502   502 D [mTEE]  :  pathname = /dev/rpmb0
11-12 12:22:14.277   502   502 D [mTEE]  :  flags = 2 mode = 0 retval = 7
11-12 12:22:14.278   502   502 D [mTEE]  :  come into the TZ_VFS_IOCTL function
11-12 12:22:14.278   502   502 D [mTEE]  :  fd = 7
11-12 12:22:14.278   502   502 D [mTEE]  :  cmd = 7
11-12 12:22:14.278   502   502 D [mTEE]  : retVal = 0x0 , *((int*)param_address) = 0x3789d 
11-12 12:22:14.278   502   502 D [mTEE]  :  come into the TZ_VFS_IOCTL function
11-12 12:22:14.278   502   502 D [mTEE]  :  fd = 7
11-12 12:22:14.278   502   502 D [mTEE]  :  cmd = 8
11-12 12:22:14.278   502   502 D [mTEE]  : retVal = 0x0 , *((int*)param_address) = 0x40 
11-12 12:22:14.280   502   502 D [mTEE]  :  come into the TZ_VFS_IOCTL function
11-12 12:22:14.280   502   502 D [mTEE]  :  fd = 7
11-12 12:22:14.280   502   502 D [mTEE]  :  cmd = 6
11-12 12:22:14.281   502   502 D [mTEE]  : retVal = 0x0 , *((int*)param_address) = 0x200 
11-12 12:22:14.281   502   502 D [mTEE]  :  come into the TZ_VFS_SETPROP function
11-12 12:22:14.281   502   502 D [mTEE]  :  proplength = 9
11-12 12:22:14.281   502   502 D [mTEE]  :  1st key = rpmb.flag
11-12 12:22:14.281   502   502 D [mTEE]  :  2nd val = ok
11-12 12:22:14.281   502   502 D [mTEE]  :  retVal = 0
11-12 12:22:14.281   502   502 D [mTEE]  :  come into the TZ_VFS_IOCTL function
11-12 12:22:14.281   502   502 D [mTEE]  :  fd = 7
11-12 12:22:14.281   502   502 D [mTEE]  :  cmd = 6
11-12 12:22:14.282   502   502 D [mTEE]  : retVal = 0x0 , *((int*)param_address) = 0x200 
--------- switch to system
11-12 12:22:14.288   464   464 I Checkpoint: cp_prepareCheckpoint called
--------- switch to events
11-12 12:22:14.288   540   540 I auditd  : type=1400 audit(0.0:16): avc:  denied  { read } for  comm="android.hardwar" name="u:object_r:mtk_powerhal_prop:s0" dev="tmpfs" ino=2382 scontext=u:r:hal_power_default:s0 tcontext=u:object_r:mtk_powerhal_prop:s0 tclass=file permissive=1
--------- switch to main
11-12 12:22:14.288   540   540 I android.hardwar: type=1400 audit(0.0:16): avc:  denied  { read } for  name="u:object_r:mtk_powerhal_prop:s0" dev="tmpfs" ino=2382 scontext=u:r:hal_power_default:s0 tcontext=u:object_r:mtk_powerhal_prop:s0 tclass=file permissive=1
--------- switch to events
11-12 12:22:14.288   540   540 I auditd  : type=1400 audit(0.0:17): avc:  denied  { open } for  comm="android.hardwar" path="/dev/__properties__/u:object_r:mtk_powerhal_prop:s0" dev="tmpfs" ino=2382 scontext=u:r:hal_power_default:s0 tcontext=u:object_r:mtk_powerhal_prop:s0 tclass=file permissive=1
--------- switch to main
11-12 12:22:14.288   540   540 I android.hardwar: type=1400 audit(0.0:17): avc:  denied  { open } for  path="/dev/__properties__/u:object_r:mtk_powerhal_prop:s0" dev="tmpfs" ino=2382 scontext=u:r:hal_power_default:s0 tcontext=u:object_r:mtk_powerhal_prop:s0 tclass=file permissive=1
--------- switch to events
11-12 12:22:14.288   540   540 I auditd  : type=1400 audit(0.0:18): avc:  denied  { getattr } for  comm="android.hardwar" path="/dev/__properties__/u:object_r:mtk_powerhal_prop:s0" dev="tmpfs" ino=2382 scontext=u:r:hal_power_default:s0 tcontext=u:object_r:mtk_powerhal_prop:s0 tclass=file permissive=1
--------- switch to main
11-12 12:22:14.288   540   540 I android.hardwar: type=1400 audit(0.0:18): avc:  denied  { getattr } for  path="/dev/__properties__/u:object_r:mtk_powerhal_prop:s0" dev="tmpfs" ino=2382 scontext=u:r:hal_power_default:s0 tcontext=u:object_r:mtk_powerhal_prop:s0 tclass=file permissive=1
--------- switch to events
11-12 12:22:14.288   540   540 I auditd  : type=1400 audit(0.0:19): avc:  denied  { map } for  comm="android.hardwar" path="/dev/__properties__/u:object_r:mtk_powerhal_prop:s0" dev="tmpfs" ino=2382 scontext=u:r:hal_power_default:s0 tcontext=u:object_r:mtk_powerhal_prop:s0 tclass=file permissive=1
--------- switch to main
11-12 12:22:14.288   540   540 I android.hardwar: type=1400 audit(0.0:19): avc:  denied  { map } for  path="/dev/__properties__/u:object_r:mtk_powerhal_prop:s0" dev="tmpfs" ino=2382 scontext=u:r:hal_power_default:s0 tcontext=u:object_r:mtk_powerhal_prop:s0 tclass=file permissive=1
11-12 12:22:14.288   540   540 I libperfmgr: Pixel Power HAL AIDL Service with Extension is starting with config: /vendor/etc/powerhint.json
11-12 12:22:14.289   540   540 I libperfmgr: Failed to read Node[0]'s Truncate, set to 'true'
11-12 12:22:14.289   540   540 I libperfmgr: Failed to read Node[0]'s HoldFd, set to 'false'
11-12 12:22:14.290   540   540 I libperfmgr: Failed to read Node[1]'s DefaultIndex, set to last index: 16
11-12 12:22:14.290   540   540 I libperfmgr: Failed to read Node[1]'s Truncate, set to 'true'
11-12 12:22:14.290   540   540 I libperfmgr: Failed to read Node[1]'s HoldFd, set to 'false'
11-12 12:22:14.290   540   540 I libperfmgr: Failed to read Node[2]'s Truncate, set to 'true'
11-12 12:22:14.290   540   540 I libperfmgr: Failed to read Node[2]'s HoldFd, set to 'false'
11-12 12:22:14.290   540   540 I libperfmgr: Failed to read Node[3]'s DefaultIndex, set to last index: 16
11-12 12:22:14.290   540   540 I libperfmgr: Failed to read Node[3]'s Truncate, set to 'true'
11-12 12:22:14.290   540   540 I libperfmgr: Failed to read Node[3]'s HoldFd, set to 'false'
11-12 12:22:14.290   540   540 I libperfmgr: Failed to read Node[4]'s Truncate, set to 'true'
11-12 12:22:14.290   540   540 I libperfmgr: Failed to read Node[4]'s HoldFd, set to 'false'
11-12 12:22:14.290   540   540 I libperfmgr: Failed to read Node[5]'s Truncate, set to 'true'
11-12 12:22:14.290   540   540 I libperfmgr: Failed to read Node[5]'s HoldFd, set to 'false'
11-12 12:22:14.291   540   540 I libperfmgr: Failed to read Node[6]'s Truncate, set to 'true'
11-12 12:22:14.291   540   540 I libperfmgr: Failed to read Node[6]'s HoldFd, set to 'false'
11-12 12:22:14.291   540   540 I libperfmgr: Failed to read Node[7]'s DefaultIndex, set to last index: 1
11-12 12:22:14.291   540   540 I libperfmgr: Failed to read Node[7]'s Truncate, set to 'true'
11-12 12:22:14.291   540   540 I libperfmgr: Failed to read Node[7]'s HoldFd, set to 'false'
11-12 12:22:14.291   540   540 I libperfmgr: Failed to read Node[8]'s DefaultIndex, set to last index: 1
11-12 12:22:14.291   540   540 I libperfmgr: Failed to read Node[8]'s Truncate, set to 'true'
11-12 12:22:14.291   540   540 I libperfmgr: Failed to read Node[8]'s HoldFd, set to 'false'
11-12 12:22:14.291   540   540 I libperfmgr: Failed to read Node[9]'s Truncate, set to 'true'
11-12 12:22:14.291   540   540 I libperfmgr: Failed to read Node[9]'s HoldFd, set to 'false'
11-12 12:22:14.291   540   540 I libperfmgr: Failed to read Node[10]'s Truncate, set to 'true'
11-12 12:22:14.291   540   540 I libperfmgr: Failed to read Node[10]'s HoldFd, set to 'false'
11-12 12:22:14.291   540   540 I libperfmgr: Failed to read Node[11]'s Truncate, set to 'true'
11-12 12:22:14.291   540   540 I libperfmgr: Failed to read Node[11]'s HoldFd, set to 'false'
11-12 12:22:14.291   540   540 I libperfmgr: Failed to read Node[12]'s DefaultIndex, set to last index: 3
11-12 12:22:14.291   540   540 I libperfmgr: Failed to read Node[12]'s Truncate, set to 'true'
11-12 12:22:14.291   540   540 I libperfmgr: Failed to read Node[12]'s HoldFd, set to 'false'
11-12 12:22:14.292   540   540 I libperfmgr: Failed to read Node[13]'s Truncate, set to 'true'
11-12 12:22:14.292   540   540 I libperfmgr: Failed to read Node[13]'s HoldFd, set to 'false'
11-12 12:22:14.292   540   540 I libperfmgr: Failed to read Node[14]'s Truncate, set to 'true'
11-12 12:22:14.292   540   540 I libperfmgr: Failed to read Node[14]'s HoldFd, set to 'false'
11-12 12:22:14.292   540   540 I libperfmgr: Failed to read Node[15]'s Truncate, set to 'true'
11-12 12:22:14.292   540   540 I libperfmgr: Failed to read Node[15]'s HoldFd, set to 'false'
11-12 12:22:14.292   540   540 I libperfmgr: Failed to read Node[16]'s Truncate, set to 'true'
11-12 12:22:14.292   540   540 I libperfmgr: Failed to read Node[16]'s HoldFd, set to 'false'
11-12 12:22:14.292   540   540 I libperfmgr: Failed to read Node[17]'s Truncate, set to 'true'
11-12 12:22:14.292   540   540 I libperfmgr: Failed to read Node[17]'s HoldFd, set to 'false'
11-12 12:22:14.292   540   540 I libperfmgr: Failed to read Node[18]'s Truncate, set to 'true'
11-12 12:22:14.292   540   540 I libperfmgr: Failed to read Node[18]'s HoldFd, set to 'false'
11-12 12:22:14.292   540   540 I libperfmgr: Failed to read Node[19]'s Truncate, set to 'true'
11-12 12:22:14.292   540   540 I libperfmgr: Failed to read Node[19]'s HoldFd, set to 'false'
11-12 12:22:14.293   540   540 I libperfmgr: Failed to read Node[20]'s DefaultIndex, set to last index: 4
11-12 12:22:14.293   540   540 I libperfmgr: Failed to read Node[20]'s Truncate, set to 'true'
11-12 12:22:14.293   540   540 I libperfmgr: Failed to read Node[20]'s HoldFd, set to 'false'
11-12 12:22:14.293   540   540 I libperfmgr: Failed to read Node[21]'s DefaultIndex, set to last index: 4
11-12 12:22:14.293   540   540 I libperfmgr: Failed to read Node[21]'s Truncate, set to 'true'
11-12 12:22:14.293   540   540 I libperfmgr: Failed to read Node[21]'s HoldFd, set to 'false'
11-12 12:22:14.293   540   540 I libperfmgr: Failed to read Node[22]'s DefaultIndex, set to last index: 4
11-12 12:22:14.293   540   540 I libperfmgr: Failed to read Node[22]'s Truncate, set to 'true'
11-12 12:22:14.293   540   540 I libperfmgr: Failed to read Node[22]'s HoldFd, set to 'false'
11-12 12:22:14.293   540   540 I libperfmgr: Failed to read Node[23]'s DefaultIndex, set to last index: 4
11-12 12:22:14.293   540   540 I libperfmgr: Failed to read Node[23]'s Truncate, set to 'true'
11-12 12:22:14.293   540   540 I libperfmgr: Failed to read Node[23]'s HoldFd, set to 'false'
11-12 12:22:14.293   540   540 I libperfmgr: Failed to read Node[24]'s Truncate, set to 'true'
11-12 12:22:14.293   540   540 I libperfmgr: Failed to read Node[24]'s HoldFd, set to 'false'
11-12 12:22:14.293   540   540 I libperfmgr: Failed to read Node[25]'s DefaultIndex, set to last index: 1
11-12 12:22:14.293   540   540 I libperfmgr: Failed to read Node[25]'s ResetOnInit, set to 'false'
11-12 12:22:14.293   540   540 I libperfmgr: Failed to read Node[26]'s DefaultIndex, set to last index: 1
11-12 12:22:14.293   540   540 I libperfmgr: Failed to read Node[26]'s ResetOnInit, set to 'false'
11-12 12:22:14.294   540   540 I libperfmgr: Failed to read Node[27]'s DefaultIndex, set to last index: 1
11-12 12:22:14.294   540   540 I libperfmgr: Failed to read Node[27]'s ResetOnInit, set to 'false'
11-12 12:22:14.294   540   540 I libperfmgr: 28 Nodes parsed successfully
11-12 12:22:14.295   540   540 I libperfmgr: 0 AdpfConfigs parsed successfully
11-12 12:22:14.295   540   540 I libperfmgr: No AdpfConfig section in the /vendor/etc/powerhint.json
11-12 12:22:14.296   540   540 I libperfmgr: 28 actions parsed successfully
11-12 12:22:14.296   540   540 I libperfmgr: PowerHint LAUNCH has 8 node actions, and 0 hint actions parsed
11-12 12:22:14.296   540   540 I libperfmgr: PowerHint INTERACTION has 12 node actions, and 0 hint actions parsed
11-12 12:22:14.296   540   540 I libperfmgr: PowerHint EXPENSIVE_RENDERING has 4 node actions, and 0 hint actions parsed
11-12 12:22:14.296   540   540 I libperfmgr: PowerHint SUSTAINED_PERFORMANCE has 4 node actions, and 0 hint actions parsed
11-12 12:22:14.297   540   540 I libperfmgr: Initialized HintManager from JSON config: /vendor/etc/powerhint.json
11-12 12:22:14.297   540   540 E powerhal-libperfmgr: Unable to open fb idle state path (2)
11-12 12:22:14.297   540   540 I powerhal-libperfmgr: Initialize PowerHAL
--------- switch to events
11-12 12:22:14.296   540   540 I auditd  : type=1400 audit(0.0:20): avc:  denied  { search } for  comm="android.hardwar" name="mtkfb" dev="sysfs" ino=15112 scontext=u:r:hal_power_default:s0 tcontext=u:object_r:sysfs_mtkfb:s0 tclass=dir permissive=1
--------- switch to main
11-12 12:22:14.296   540   540 I android.hardwar: type=1400 audit(0.0:20): avc:  denied  { search } for  name="mtkfb" dev="sysfs" ino=15112 scontext=u:r:hal_power_default:s0 tcontext=u:object_r:sysfs_mtkfb:s0 tclass=dir permissive=1
11-12 12:22:14.298   540   540 I powerhal-libperfmgr: Xiaomi Power HAL AIDL Service with Extension is started.
11-12 12:22:14.307   502   502 I [mTEE]  :  come into the TZ_VFS_OPEN function
11-12 12:22:14.308   502   502 D [mTEE]  :  pathname = /vendor/thh/ta/020f0000000000000000000000000000.ta
11-12 12:22:14.308   502   502 D [mTEE]  :  flags = 0 mode = 0 retval = 8
11-12 12:22:14.308   502   502 D [mTEE]  :  come into the TZ_VFS_CLOSE function
11-12 12:22:14.308   502   502 D [mTEE]  :  fd = 8
11-12 12:22:14.308   502   502 D [mTEE]  :  retVal = 0
11-12 12:22:14.308   502   502 I [mTEE]  :  come into the TZ_VFS_OPEN function
11-12 12:22:14.308   502   502 D [mTEE]  :  pathname = /vendor/thh/ta/020f0000000000000000000000000000.ta
11-12 12:22:14.308   502   502 D [mTEE]  :  flags = 0 mode = 0 retval = 8
11-12 12:22:14.308   502   502 D [mTEE]  :  come into the TZ_VFS_LSEEK function
11-12 12:22:14.308   502   502 D [mTEE]  :  come into the TZ_VFS_LSEEK function
11-12 12:22:14.309   502   502 D [mTEE]  :  come into the TZ_VFS_LSEEK function
11-12 12:22:14.309   502   502 D [mTEE]  :  come into the TZ_VFS_READ function
11-12 12:22:14.310   502   502 D [mTEE]  :  come into the TZ_VFS_CLOSE function
11-12 12:22:14.310   502   502 D [mTEE]  :  fd = 8
11-12 12:22:14.310   502   502 D [mTEE]  :  retVal = 0
11-12 12:22:14.317   543   543 I tombstoned: tombstoned successfully initialized
--------- switch to system
11-12 12:22:14.327   464   464 I incfs   : Initial API level of the device: 28
11-12 12:22:14.327   464   464 I incfs   : ro.incremental.enable: 
11-12 12:22:14.327   464   464 I incfs   : IncFs_Features: v1
11-12 12:22:14.328   511   511 I keystore2: system/security/keystore2/src/maintenance.rs:206 - In early_boot_ended.
--------- switch to main
11-12 12:22:14.330   502   502 I [mTEE]  :  come into the TZ_VFS_OPEN function
11-12 12:22:14.330   502   502 D [mTEE]  : errno = 2
11-12 12:22:14.330   502   502 D [mTEE]  :  pathname = /vendor/thh/ta/06090000000000000000000000000000.ta
11-12 12:22:14.330   502   502 D [mTEE]  :  flags = 0 mode = 0 retval = -2
11-12 12:22:14.330   502   502 I [mTEE]  :  come into the TZ_VFS_OPEN function
11-12 12:22:14.331   502   502 D [mTEE]  : errno = 2
11-12 12:22:14.331   502   502 D [mTEE]  :  pathname = /data/vendor/thh/ta/06090000000000000000000000000000/06090000000000000000000000000000.ta
11-12 12:22:14.331   502   502 D [mTEE]  :  flags = 0 mode = 0 retval = -2
11-12 12:22:14.332   502   502 I [mTEE]  :  come into the TZ_VFS_OPEN function
11-12 12:22:14.332   502   502 D [mTEE]  :  pathname = /vendor/thh/ta/05120000000000000000000000000000.ta
11-12 12:22:14.332   502   502 D [mTEE]  :  flags = 0 mode = 0 retval = 8
11-12 12:22:14.332   502   502 D [mTEE]  :  come into the TZ_VFS_CLOSE function
11-12 12:22:14.332   502   502 D [mTEE]  :  fd = 8
11-12 12:22:14.332   502   502 D [mTEE]  :  retVal = 0
11-12 12:22:14.332   502   502 I [mTEE]  :  come into the TZ_VFS_OPEN function
11-12 12:22:14.332   502   502 D [mTEE]  :  pathname = /vendor/thh/ta/05120000000000000000000000000000.ta
11-12 12:22:14.332   502   502 D [mTEE]  :  flags = 0 mode = 0 retval = 8
11-12 12:22:14.333   502   502 D [mTEE]  :  come into the TZ_VFS_LSEEK function
11-12 12:22:14.333   502   502 D [mTEE]  :  come into the TZ_VFS_LSEEK function
11-12 12:22:14.333   502   502 D [mTEE]  :  come into the TZ_VFS_LSEEK function
11-12 12:22:14.333   502   502 D [mTEE]  :  come into the TZ_VFS_READ function
11-12 12:22:14.334   502   502 D [mTEE]  :  come into the TZ_VFS_CLOSE function
11-12 12:22:14.334   502   502 D [mTEE]  :  fd = 8
11-12 12:22:14.334   502   502 D [mTEE]  :  retVal = 0
--------- switch to system
11-12 12:22:14.335   511   511 I keystore2: system/security/keystore2/src/globals.rs:66 - Touching Keystore 2.0 database for this first time since boot.
11-12 12:22:14.335   511   511 I keystore2: system/security/keystore2/src/globals.rs:68 - Calling cleanup leftovers.
11-12 12:22:14.336   511   511 I keystore2: system/security/keystore2/src/boot_level_keys.rs:57 - ro.keystore.boot_level_key.strategy not set, inferring from installed KM instances
11-12 12:22:14.336   511   511 I keystore2: system/security/keystore2/src/boot_level_keys.rs:115 - In get_level_zero_key: security_level=r#SOFTWARE, deny_later_strategy=MaxUsesPerBoot
11-12 12:22:14.340   511   511 I keystore2: system/security/keystore2/src/super_key.rs:293 - Starting boot level watcher.
11-12 12:22:14.340   511   511 I keystore2: system/security/keystore2/src/maintenance.rs:187 - Call to earlyBootEnded succeeded for security level TRUSTED_ENVIRONMENT.
11-12 12:22:14.340   511   546 I keystore2: system/security/keystore2/src/super_key.rs:325 - Read keystore.boot_level value 30
11-12 12:22:14.341   511   511 E keystore2: system/security/keystore2/src/maintenance.rs:192 - Call to earlyBootEnded failed for security level STRONGBOX: system/security/keystore2/src/maintenance.rs:167: getting keymint device.
11-12 12:22:14.341   511   511 E keystore2: system/security/keystore2/src/error.rs:180 - system/security/keystore2/src/maintenance.rs:167: getting keymint device
11-12 12:22:14.341   511   511 E keystore2: 
11-12 12:22:14.341   511   511 E keystore2: Caused by:
11-12 12:22:14.341   511   511 E keystore2:     0: system/security/keystore2/src/globals.rs:335: Cannot connect to Keymint
11-12 12:22:14.341   511   511 E keystore2:     1: system/security/keystore2/src/globals.rs:246: Trying to get Legacy wrapper.
11-12 12:22:14.341   511   511 E keystore2:     2: Error::Km(r#HARDWARE_TYPE_UNAVAILABLE)
11-12 12:22:14.341   511   546 I keystore2: system/security/keystore2/src/super_key.rs:325 - Read keystore.boot_level value 30
11-12 12:22:14.341   464   464 E vold    : keystore2 Keystore earlyBootEnded returned service specific error: -68
--------- switch to main
11-12 12:22:14.354   502   502 I [mTEE]  :  come into the TZ_VFS_OPEN function
11-12 12:22:14.354   502   502 D [mTEE]  :  pathname = /vendor/thh/ta/40188311faf343488db888ad39496f9a.ta
11-12 12:22:14.354   502   502 D [mTEE]  :  flags = 0 mode = 0 retval = 8
11-12 12:22:14.355   502   502 D [mTEE]  :  come into the TZ_VFS_CLOSE function
11-12 12:22:14.355   502   502 D [mTEE]  :  fd = 8
11-12 12:22:14.355   502   502 D [mTEE]  :  retVal = 0
11-12 12:22:14.355   502   502 I [mTEE]  :  come into the TZ_VFS_OPEN function
11-12 12:22:14.355   502   502 D [mTEE]  :  pathname = /vendor/thh/ta/40188311faf343488db888ad39496f9a.ta
11-12 12:22:14.355   502   502 D [mTEE]  :  flags = 0 mode = 0 retval = 8
11-12 12:22:14.355   502   502 D [mTEE]  :  come into the TZ_VFS_LSEEK function
11-12 12:22:14.355   502   502 D [mTEE]  :  come into the TZ_VFS_LSEEK function
11-12 12:22:14.355   502   502 D [mTEE]  :  come into the TZ_VFS_LSEEK function
11-12 12:22:14.356   502   502 D [mTEE]  :  come into the TZ_VFS_READ function
11-12 12:22:14.356   502   502 D [mTEE]  :  come into the TZ_VFS_CLOSE function
11-12 12:22:14.356   502   502 D [mTEE]  :  fd = 8
11-12 12:22:14.356   502   502 D [mTEE]  :  retVal = 0
11-12 12:22:14.376   502   502 I [mTEE]  :  come into the TZ_VFS_OPEN function
11-12 12:22:14.377   502   502 D [mTEE]  :  pathname = /vendor/thh/ta/07060000000000000000000000007169.ta
11-12 12:22:14.377   502   502 D [mTEE]  :  flags = 0 mode = 0 retval = 8
11-12 12:22:14.377   502   502 D [mTEE]  :  come into the TZ_VFS_CLOSE function
11-12 12:22:14.377   502   502 D [mTEE]  :  fd = 8
11-12 12:22:14.377   502   502 D [mTEE]  :  retVal = 0
11-12 12:22:14.377   502   502 I [mTEE]  :  come into the TZ_VFS_OPEN function
11-12 12:22:14.377   502   502 D [mTEE]  :  pathname = /vendor/thh/ta/07060000000000000000000000007169.ta
11-12 12:22:14.377   502   502 D [mTEE]  :  flags = 0 mode = 0 retval = 8
11-12 12:22:14.377   502   502 D [mTEE]  :  come into the TZ_VFS_LSEEK function
11-12 12:22:14.378   502   502 D [mTEE]  :  come into the TZ_VFS_LSEEK function
11-12 12:22:14.378   502   502 D [mTEE]  :  come into the TZ_VFS_LSEEK function
11-12 12:22:14.378   502   502 D [mTEE]  :  come into the TZ_VFS_READ function
11-12 12:22:14.379   502   502 D [mTEE]  :  come into the TZ_VFS_CLOSE function
11-12 12:22:14.379   502   502 D [mTEE]  :  fd = 8
11-12 12:22:14.379   502   502 D [mTEE]  :  retVal = 0
11-12 12:22:14.402   502   502 I [mTEE]  :  come into the TZ_VFS_OPEN function
11-12 12:22:14.402   502   502 D [mTEE]  : errno = 2
11-12 12:22:14.402   502   502 D [mTEE]  :  pathname = /vendor/thh/ta/4be4f7dc1f2c11e5b5f7727283247c7f.ta
11-12 12:22:14.402   502   502 D [mTEE]  :  flags = 0 mode = 0 retval = -2
11-12 12:22:14.403   502   502 I [mTEE]  :  come into the TZ_VFS_OPEN function
11-12 12:22:14.403   502   502 D [mTEE]  : errno = 2
11-12 12:22:14.403   502   502 D [mTEE]  :  pathname = /data/vendor/thh/ta/4be4f7dc1f2c11e5b5f7727283247c7f/4be4f7dc1f2c11e5b5f7727283247c7f.ta
11-12 12:22:14.403   502   502 D [mTEE]  :  flags = 0 mode = 0 retval = -2
11-12 12:22:14.403   502   502 I [mTEE]  :  come into the TZ_VFS_OPEN function
11-12 12:22:14.404   502   502 D [mTEE]  :  pathname = /vendor/thh/ta/9073f03a9618383bb1856eb3f990babd.ta
11-12 12:22:14.404   502   502 D [mTEE]  :  flags = 0 mode = 0 retval = 8
11-12 12:22:14.404   502   502 D [mTEE]  :  come into the TZ_VFS_CLOSE function
11-12 12:22:14.404   502   502 D [mTEE]  :  fd = 8
11-12 12:22:14.404   502   502 D [mTEE]  :  retVal = 0
11-12 12:22:14.404   502   502 I [mTEE]  :  come into the TZ_VFS_OPEN function
11-12 12:22:14.404   502   502 D [mTEE]  :  pathname = /vendor/thh/ta/9073f03a9618383bb1856eb3f990babd.ta
11-12 12:22:14.404   502   502 D [mTEE]  :  flags = 0 mode = 0 retval = 8
11-12 12:22:14.404   502   502 D [mTEE]  :  come into the TZ_VFS_LSEEK function
11-12 12:22:14.405   502   502 D [mTEE]  :  come into the TZ_VFS_LSEEK function
11-12 12:22:14.405   502   502 D [mTEE]  :  come into the TZ_VFS_LSEEK function
11-12 12:22:14.405   502   502 D [mTEE]  :  come into the TZ_VFS_READ function
11-12 12:22:14.406   502   502 D [mTEE]  :  come into the TZ_VFS_CLOSE function
11-12 12:22:14.406   502   502 D [mTEE]  :  fd = 8
11-12 12:22:14.406   502   502 D [mTEE]  :  retVal = 0
11-12 12:22:14.426   502   502 I [mTEE]  :  come into the TZ_VFS_OPEN function
11-12 12:22:14.426   502   502 D [mTEE]  : errno = 2
11-12 12:22:14.426   502   502 D [mTEE]  :  pathname = /vendor/thh/ta/08050000000000000000000000003419.ta
11-12 12:22:14.426   502   502 D [mTEE]  :  flags = 0 mode = 0 retval = -2
11-12 12:22:14.426   502   502 I [mTEE]  :  come into the TZ_VFS_OPEN function
11-12 12:22:14.426   502   502 D [mTEE]  : errno = 2
11-12 12:22:14.426   502   502 D [mTEE]  :  pathname = /data/vendor/thh/ta/08050000000000000000000000003419/08050000000000000000000000003419.ta
11-12 12:22:14.426   502   502 D [mTEE]  :  flags = 0 mode = 0 retval = -2
11-12 12:22:14.427   502   502 I [mTEE]  :  come into the TZ_VFS_OPEN function
11-12 12:22:14.427   502   502 D [mTEE]  :  pathname = /vendor/thh/ta/5020170115e016302017012521300000.ta
11-12 12:22:14.427   502   502 D [mTEE]  :  flags = 0 mode = 0 retval = 8
11-12 12:22:14.427   502   502 D [mTEE]  :  come into the TZ_VFS_CLOSE function
11-12 12:22:14.427   502   502 D [mTEE]  :  fd = 8
11-12 12:22:14.427   502   502 D [mTEE]  :  retVal = 0
11-12 12:22:14.427   502   502 I [mTEE]  :  come into the TZ_VFS_OPEN function
11-12 12:22:14.427   502   502 D [mTEE]  :  pathname = /vendor/thh/ta/5020170115e016302017012521300000.ta
11-12 12:22:14.427   502   502 D [mTEE]  :  flags = 0 mode = 0 retval = 8
11-12 12:22:14.428   502   502 D [mTEE]  :  come into the TZ_VFS_LSEEK function
11-12 12:22:14.428   502   502 D [mTEE]  :  come into the TZ_VFS_LSEEK function
11-12 12:22:14.428   502   502 D [mTEE]  :  come into the TZ_VFS_LSEEK function
11-12 12:22:14.428   502   502 D [mTEE]  :  come into the TZ_VFS_READ function
11-12 12:22:14.429   502   502 D [mTEE]  :  come into the TZ_VFS_CLOSE function
11-12 12:22:14.429   502   502 D [mTEE]  :  fd = 8
11-12 12:22:14.429   502   502 D [mTEE]  :  retVal = 0
11-12 12:22:14.449   502   502 I [mTEE]  :  come into the TZ_VFS_OPEN function
11-12 12:22:14.450   502   502 D [mTEE]  :  pathname = /vendor/thh/ta/0f5eed3c3b5a47afacca69a84bf0efad.ta
11-12 12:22:14.450   502   502 D [mTEE]  :  flags = 0 mode = 0 retval = 8
11-12 12:22:14.450   502   502 D [mTEE]  :  come into the TZ_VFS_CLOSE function
11-12 12:22:14.450   502   502 D [mTEE]  :  fd = 8
11-12 12:22:14.450   502   502 D [mTEE]  :  retVal = 0
11-12 12:22:14.450   502   502 I [mTEE]  :  come into the TZ_VFS_OPEN function
11-12 12:22:14.450   502   502 D [mTEE]  :  pathname = /vendor/thh/ta/0f5eed3c3b5a47afacca69a84bf0efad.ta
11-12 12:22:14.450   502   502 D [mTEE]  :  flags = 0 mode = 0 retval = 8
11-12 12:22:14.450   502   502 D [mTEE]  :  come into the TZ_VFS_LSEEK function
11-12 12:22:14.450   502   502 D [mTEE]  :  come into the TZ_VFS_LSEEK function
11-12 12:22:14.451   502   502 D [mTEE]  :  come into the TZ_VFS_LSEEK function
11-12 12:22:14.451   502   502 D [mTEE]  :  come into the TZ_VFS_READ function
11-12 12:22:14.451   502   502 D [mTEE]  :  come into the TZ_VFS_CLOSE function
11-12 12:22:14.451   502   502 D [mTEE]  :  fd = 8
11-12 12:22:14.451   502   502 D [mTEE]  :  retVal = 0
11-12 12:22:14.471   502   502 I [mTEE]  :  come into the TZ_VFS_OPEN function
11-12 12:22:14.471   502   502 D [mTEE]  :  pathname = /vendor/thh/ta/07407000000000000000000000000000.ta
11-12 12:22:14.471   502   502 D [mTEE]  :  flags = 0 mode = 0 retval = 8
11-12 12:22:14.471   502   502 D [mTEE]  :  come into the TZ_VFS_CLOSE function
11-12 12:22:14.471   502   502 D [mTEE]  :  fd = 8
11-12 12:22:14.471   502   502 D [mTEE]  :  retVal = 0
11-12 12:22:14.471   502   502 I [mTEE]  :  come into the TZ_VFS_OPEN function
11-12 12:22:14.471   502   502 D [mTEE]  :  pathname = /vendor/thh/ta/07407000000000000000000000000000.ta
11-12 12:22:14.471   502   502 D [mTEE]  :  flags = 0 mode = 0 retval = 8
11-12 12:22:14.471   502   502 D [mTEE]  :  come into the TZ_VFS_LSEEK function
11-12 12:22:14.472   502   502 D [mTEE]  :  come into the TZ_VFS_LSEEK function
11-12 12:22:14.472   502   502 D [mTEE]  :  come into the TZ_VFS_LSEEK function
11-12 12:22:14.472   502   502 D [mTEE]  :  come into the TZ_VFS_READ function
11-12 12:22:14.474   502   502 D [mTEE]  :  come into the TZ_VFS_CLOSE function
11-12 12:22:14.474   502   502 D [mTEE]  :  fd = 8
11-12 12:22:14.474   502   502 D [mTEE]  :  retVal = 0
11-12 12:22:14.494   502   502 I [mTEE]  :  come into the TZ_VFS_OPEN function
11-12 12:22:14.494   502   502 D [mTEE]  : errno = 2
11-12 12:22:14.494   502   502 D [mTEE]  :  pathname = /vendor/thh/ta/05160000000000000000000000000000.ta
11-12 12:22:14.494   502   502 D [mTEE]  :  flags = 0 mode = 0 retval = -2
11-12 12:22:14.495   502   502 I [mTEE]  :  come into the TZ_VFS_OPEN function
11-12 12:22:14.495   502   502 D [mTEE]  : errno = 2
11-12 12:22:14.495   502   502 D [mTEE]  :  pathname = /data/vendor/thh/ta/05160000000000000000000000000000/05160000000000000000000000000000.ta
11-12 12:22:14.495   502   502 D [mTEE]  :  flags = 0 mode = 0 retval = -2
11-12 12:22:14.495   502   502 I [mTEE]  :  come into the TZ_VFS_OPEN function
11-12 12:22:14.495   502   502 D [mTEE]  : errno = 2
11-12 12:22:14.495   502   502 D [mTEE]  :  pathname = /vendor/thh/ta/91dba524a6e24909acc48abd7163121a.ta
11-12 12:22:14.495   502   502 D [mTEE]  :  flags = 0 mode = 0 retval = -2
11-12 12:22:14.495   502   502 I [mTEE]  :  come into the TZ_VFS_OPEN function
11-12 12:22:14.495   502   502 D [mTEE]  : errno = 2
11-12 12:22:14.495   502   502 D [mTEE]  :  pathname = /data/vendor/thh/ta/91dba524a6e24909acc48abd7163121a/91dba524a6e24909acc48abd7163121a.ta
11-12 12:22:14.495   502   502 D [mTEE]  :  flags = 0 mode = 0 retval = -2
11-12 12:22:14.496   502   502 I [mTEE]  :  come into the TZ_VFS_OPEN function
11-12 12:22:14.496   502   502 D [mTEE]  :  pathname = /vendor/thh/ta/57f02fe81d5a11ea8d23d7abe98b8462.ta
